// Jest Snapshot v1, https://goo.gl/fbAQLP

exports[`CommitItem matches snapshot 1`] = `
<DocumentFragment>
  <div
    class="jsx-3205085322 card"
    title="Test Name: ten billion stars repo"
  >
    <h3
      class="jsx-3205085322 title"
    >
      Test Name
    </h3>
    <p
      class="jsx-3205085322 description"
    >
      ten billion stars repo
    </p>
    <div
      class="jsx-3205085322 details"
    >
      <p
        class="jsx-3205085322"
      >
        Owned by Test Owner
      </p>
      <a
        class="jsx-3205085322"
        href="https://www.github.com/testowner/testrepo"
        rel="noopener noreferrer"
        target="_blank"
      >
        https://www.github.com/testowner/testrepo
      </a>
      <div
        class="jsx-3205085322 star-container"
      >
        <div
          style="display: inline-block; max-width: 100%; overflow: hidden; position: relative; box-sizing: border-box; margin: 0px;"
        >
          <div
            style="box-sizing: border-box; display: block; max-width: 100%;"
          >
            <img
              alt=""
              aria-hidden="true"
              role="presentation"
              src="data:image/svg+xml;base64,PHN2ZyB3aWR0aD0iMjAiIGhlaWdodD0iMTgiIHhtbG5zPSJodHRwOi8vd3d3LnczLm9yZy8yMDAwL3N2ZyIgdmVyc2lvbj0iMS4xIi8+"
              style="max-width: 100%; display: block; margin: 0px; padding: 0px;"
            />
          </div>
          <noscript />
          <img
            alt="star icon"
            class="star-icon"
            decoding="async"
            src="data:image/gif;base64,R0lGODlhAQABAIAAAAAAAP///yH5BAEAAAAALAAAAAABAAEAAAIBRAA7"
            style="position: absolute; top: 0px; left: 0px; bottom: 0px; right: 0px; box-sizing: border-box; padding: 0px; margin: auto; display: block; width: 0px; height: 0px; min-width: 100%; max-width: 100%; min-height: 100%; max-height: 100%;"
          />
        </div>
        <span
          class="jsx-3205085322 star-count"
          title="total stars"
        >
          10000000000
        </span>
      </div>
    </div>
    <div
      class="jsx-3680457408"
    >
      <button
        class="jsx-3680457408 load-cta"
        title="use this button to load commits from the past 24 hours"
      >
        Tap to load commits
      </button>
    </div>
  </div>
</DocumentFragment>
`;
